// Jest Snapshot v1, https://goo.gl/fbAQLP

exports[`PlanetView component PlanetView component matches snapshot 1`] = `
<div
  className="container"
>
  <div
    className="row d-flex flex-row align-items-center"
  >
    <div
      className="col-3"
    >
      <p>
        Displaying 
        0
         of 
        0
         planets
      </p>
    </div>
    <div
      className="col-9"
    >
      <PlanetListFilters
        filter=""
        setFilter={[Function]}
        setSortBy={[Function]}
        sortBy="name-a-to-z"
      />
    </div>
  </div>
  <PlanetList
    planets={Array []}
  />
</div>
`;
